[33mÔØ»[39m Building...
node.exe : 
En línea: 1 Carácter: 1
+ & "C:\Program Files\nodejs/node.exe" "C:\Program 
Files\nodejs/node_mo ...
+ ~~~~~~~~~~~~~~~~~~~~~~~~~~~~~~~~~~~~~~~~~~~~~~~~~~~~
~~~~~~~~~~~~~~~~~
    + CategoryInfo          : NotSpecified: (:String) 
    [], RemoteException
    + FullyQualifiedErrorId : NativeCommandError
 
  polyfills.server.mjs  227.8kb

Done in 518ms
ÔùÅ [DEBUG] This call to "require" will not be 
bundled because the argument is not a string literal 
[unsupported-require-call]

    node_modules/express/lib/view.js:72:13:
      72 Ôöé     var fn = require(mod).__express;
         ÔòÁ              ~~~~~~~

ÔùÅ [DEBUG] Resolving import "supports-color" in 
directory "C:\\Users\\nmart\\ToDoList-superapp\\node_m
odules\\debug\\src" of type "require-call"

  Checking for package alias matches
    Failed to find any package alias matches
  Checking "supports-color" against the external 
pattern "*/main.server.mjs"
  Read 4 entries for directory "C:\\Users\\nmart\\ToDo
List-superapp\\node_modules\\debug\\src"
  Searching for "supports-color" in "node_modules" 
directories starting from "C:\\Users\\nmart\\ToDoList-
superapp\\node_modules\\debug\\src"
    Parsed package name "supports-color" and package 
subpath "."
    Checking for a package in the directory "C:\\Users
\\nmart\\ToDoList-superapp\\node_modules\\supports-col
or"
    Read 354 entries for directory 
"C:\\Users\\nmart\\ToDoList-superapp\\node_modules"
    Failed to read directory "C:\\Users\\nmart\\ToDoLi
st-superapp\\node_modules\\supports-color": open C:\Us
ers\nmart\ToDoList-superapp\node_modules\supports-colo
r: The system cannot find the file specified.
    Failed to read directory "C:\\Users\\nmart\\ToDoLi
st-superapp\\node_modules\\supports-color"
    Attempting to load "C:\\Users\\nmart\\ToDoList-sup
erapp\\node_modules\\supports-color" as a file
      Checking for file "supports-color"
      Checking for file "supports-color.mjs"
      Checking for file "supports-color.js"
      Checking for file "supports-color.cjs"
      Checking for file "supports-color.ts"
      Checking for file "supports-color.tsx"
      Failed to find file "supports-color"
    Attempting to load "C:\\Users\\nmart\\ToDoList-sup
erapp\\node_modules\\supports-color" as a directory
      Failed to read directory "C:\\Users\\nmart\\ToDo
List-superapp\\node_modules\\supports-color"

ÔùÅ [DEBUG] Importing "supports-color" was allowed 
even though it could not be resolved because dynamic 
import failures appear to be handled here: 
[ignored-dynamic-import]

    node_modules/debug/src/node.js:28:32:
      28 Ôöé   const supportsColor = 
require('supports-color');
         ÔòÁ                                 
~~~~~~~~~~~~~~~~

  The handler for dynamic import failures is here:

    node_modules/debug/src/node.js:32:2:
      32 Ôöé } catch (error) {
         ÔòÁ   ~~~~~


  chunk-WYR6ISJF.js  281.6kb
  chunk-LUHWN3HS.js  180.7kb
  chunk-EWS3ZAFS.js  137.7kb
  main-KPZOLVXX.js   124.1kb
  chunk-OA2MMDBA.js    4.8kb

Done in 2671ms

  main.server.mjs     544.4kb
  chunk-RS2P7UN5.mjs  282.4kb
  chunk-CPUJLEJJ.mjs  179.3kb
  chunk-SD5JCSEN.mjs  137.7kb
  chunk-N3SI5I4Q.mjs   11.8kb
  ...and 2 more output files...

Done in 2673ms

  server.mjs          788.3kb
  chunk-RHDGF2TI.mjs   11.9kb
  chunk-L2MVFUKD.mjs    1.3kb

Done in 2707ms
[32mÔ£ö[39m Building...
[35mBrowser bundles[39m     
[1mInitial chunk files[22m [2m | [22m[1mNames[22m              [2m | [22m [1mRaw size[22m[2m | [22m[1mEstimated transfer size[22m
[32mchunk-WYR6ISJF.js[39m   [2m | [22m[2m-[22m                  [2m | [22m[36m288.33 kB[39m[2m | [22m               [36m66.45 kB[39m
[32mchunk-LUHWN3HS.js[39m   [2m | [22m[2m-[22m                  [2m | [22m[36m185.06 kB[39m[2m | [22m               [36m53.74 kB[39m
[32mmain-KPZOLVXX.js[39m    [2m | [22m[2mmain[22m               [2m | [22m[36m127.04 kB[39m[2m | [22m               [36m27.90 kB[39m
[32mstyles-3EKPMQYA.css[39m [2m | [22m[2mstyles[22m             [2m | [22m [36m38.43 kB[39m[2m | [22m                [36m6.08 kB[39m

[1m [22m                   [2m | [22m[1mInitial total[22m      [2m | [22m[1m[93m638.85 kB[39m[22m[2m | [22m              [1m154.17 kB[22m

[1mLazy chunk files[22m    [2m | [22m[1mNames[22m              [2m | [22m [1mRaw size[22m[2m | [22m[1mEstimated transfer size[22m
[32mchunk-EWS3ZAFS.js[39m   [2m | [22m[2mboard-component[22m    [2m | [22m[36m140.97 kB[39m[2m | [22m               [36m32.82 kB[39m
[32mchunk-OA2MMDBA.js[39m   [2m | [22m[2mdashboard-component[22m[2m | [22m  [36m4.91 kB[39m[2m | [22m                [36m1.47 kB[39m


[35mServer bundles[39m      
[1mInitial chunk files[22m [2m | [22m[1mNames[22m              [2m | [22m [1mRaw size[22m
[32mserver.mjs[39m          [2m | [22m[2mserver[22m             [2m | [22m[36m807.26 kB[39m[2m | [22m                       
[32mmain.server.mjs[39m     [2m | [22m[2mmain.server[22m        [2m | [22m[36m557.42 kB[39m[2m | [22m                       
[32mchunk-RS2P7UN5.mjs[39m  [2m | [22m[2m-[22m                  [2m | [22m[36m289.17 kB[39m[2m | [22m                       
[32mpolyfills.server.mjs[39m[2m | [22m[2mpolyfills.server[22m   [2m | [22m[36m233.25 kB[39m[2m | [22m                       
[32mchunk-CPUJLEJJ.mjs[39m  [2m | [22m[2m-[22m                  [2m | [22m[36m183.57 kB[39m[2m | [22m                       
[32mchunk-L2MVFUKD.mjs[39m  [2m | [22m[2m-[22m                  [2m | [22m  [36m1.32 kB[39m[2m | [22m                       
[32mchunk-T55IDOPT.mjs[39m  [2m | [22m[2m-[22m                  [2m | [22m[36m976 bytes[39m[2m | [22m                       

[1mLazy chunk files[22m    [2m | [22m[1mNames[22m              [2m | [22m [1mRaw size[22m
[32mchunk-SD5JCSEN.mjs[39m  [2m | [22m[2mboard-component[22m    [2m | [22m[36m141.04 kB[39m[2m | [22m                       
[32mchunk-RHDGF2TI.mjs[39m  [2m | [22m[2mxhr2[22m               [2m | [22m [36m12.14 kB[39m[2m | [22m                       
[32mchunk-N3SI5I4Q.mjs[39m  [2m | [22m[2mxhr2[22m               [2m | [22m [36m12.07 kB[39m[2m | [22m                       
[32mchunk-EIAAXSDU.mjs[39m  [2m | [22m[2mdashboard-component[22m[2m | [22m  [36m4.97 kB[39m[2m | [22m                       

[35mPrerendered 3 static routes.[39m
Application bundle generation failed. [3.934 seconds] - 2026-02-19T02:26:14.385Z

[1m[33m[33mÔû▓ 
[43;33m[[43;30mWARNING[43;33m][0m [1mbundle 
initial exceeded maximum budget. Budget 500.00 kB was 
not met by 138.85 kB with a total of 638.85 kB.[0m


[33mÔû▓ [43;33m[[43;30mWARNING[43;33m][0m 
[1msrc/app/app.css exceeded maximum budget. Budget 
4.00 kB was not met by 33.57 kB with a total of 37.57 
kB.[0m


[33mÔû▓ [43;33m[[43;30mWARNING[43;33m][0m [1m1 
rules skipped due to selector errors:
  () -> Empty sub-selector[0m

[39m[22m
[1m[31m[31mX [41;31m[[41;97mERROR[41;31m][0m 
[1msrc/app/app.css exceeded maximum budget. Budget 
8.00 kB was not met by 29.57 kB with a total of 37.57 
kB.[0m


[31mX [41;31m[[41;97mERROR[41;31m][0m [1mThe 
'board/:id' route uses prerendering and includes 
parameters, but 'getPrerenderParams' is missing. 
Please define 'getPrerenderParams' function for this 
route in your server routing configuration or specify 
a different 'renderMode'.[0m

[39m[22m
